[kingblack.site/c/45128ce8-8ae3-4dd0-822a-def67255ab04.html]
[backblue.gif]
[fade.gif]
[index.html]
[static.tuasaude.com/media/article/sg/yj/remedio-caseiro-para-pressao-alta_32743_l.jpg]
[static.tuasaude.com/media/article/ej/mb/5ef1c63acc5a8/m.jpg]
[static.tuasaude.com/assets/ts-0734.css]
[static.tuasaude.com/img/logo.png]
[static.tuasaude.com/media/author/aa/aa/manuel/s2.jpg]
[static.tuasaude.com/media/article/fs/dr/remedio-caseiro-para-pressao-alta_32744_l.jpg]
[static.tuasaude.com/media/article/jf/hl/remedio-caseiro-para-pressao-alta_32745_l.jpg]
[static.tuasaude.com/media/article/zf/xx/remedio-caseiro-para-pressao-alta_32746_l.jpg]
[static.tuasaude.com/media/article/oe/mi/remedio-caseiro-para-pressao-alta_32747_l.jpg]
[static.tuasaude.com/media/article/dp/xm/remedio-caseiro-para-pressao-alta_32748_l.jpg]
[static.tuasaude.com/media/article/ae/iz/remedio-caseiro-para-pressao-alta_32749_l.jpg]
[static.tuasaude.com/img/loader-fafaf2.gif]
[static.tuasaude.com/media/article/o2/y6/sintomas-de-pressao-alta_4498_xs.jpg]
[static.tuasaude.com/media/article/bd/cd/pressao-alta-o-que-fazer_17712_xs.jpg]
[static.tuasaude.com/media/article/jl/gg/3-formas-de-controlar-a-pressao-alta-sem-remedio_5151_xs.jpg]
[static.tuasaude.com/media/article/ex/mx/suco-de-laranja-para-pressao-alta_36122_xs.jpg]
[static.tuasaude.com/media/article/2q/uf/remedios-para-pressao-alta_14244_xs.jpg]
[static.tuasaude.com/media/article/ac/db/alimentos-para-baixar-a-pressao-arterial_4592_xs.jpg]
[static.tuasaude.com/media/article/hi/uf/dieta-para-hipertensao_6680_xs.jpg]
[static.tuasaude.com/media/article/mo/iv/cha-de-oliveira_30206_xs.jpg]
[i.ytimg.com/vi/l4VxcxVVraw/mqdefault.jpg]
[static.tuasaude.com/media/article/ju/pl/cha-para-descer-a-menstruacao-atrasada_38612_xs.jpg]
[static.tuasaude.com/media/article/3l/mg/como-clarear-axila-e-virilha_15390_xs.jpg]
[static.tuasaude.com/media/article/jq/0w/remedio-caseiro-para-refluxo-gastroesofagico_5748_xs.jpg]
[static.tuasaude.com/media/article/9t/f3/remedio-caseiro-para-azia_13387_xs.jpg]
[static.tuasaude.com/media/article/zx/df/cha-para-emagrecer_27804_xs.jpg]
[static.tuasaude.com/img/newsletter-themes/anxiety.png]
[static.tuasaude.com/img/newsletter-themes/sleep-disorders.png]
[static.tuasaude.com/img/newsletter-themes/get-lean.png]
[static.tuasaude.com/img/newsletter-themes/fitness.png]
[static.tuasaude.com/img/newsletter-themes/pregnancy.png]
[static.tuasaude.com/img/newsletter-themes/healthy-recipes.png]
[static.tuasaude.com/img/newsletter-themes/woman-health.png]
[static.tuasaude.com/img/newsletter-themes/men-health.png]
[static.tuasaude.com/img/ok-round.png]
[static.tuasaude.com/img/logo-footer.png]
[www.honcode.ch/HONcode/Seal/HONConduct132876_s1.gif]
[static.tuasaude.com/assets/ts-0734.js]
[static.tuasaude.com/img/loader.gif]
[kingblack.site/c/45128ce8-8ae3-4dd0-822a-def67255ab04.html]
[static.tuasaude.com/img/check-blue.png]
[static.tuasaude.com/img/check-white.png]
[static.tuasaude.com/img/quote.png]
[static.tuasaude.com/img/message/fernanda.png]
[static.tuasaude.com/img/message/x.png]
[static.tuasaude.com/img/colorbox/loading.gif]
[static.tuasaude.com/img/colorbox/controls.png]
[static.tuasaude.com/assets/ts-0734.css]
